// Jest Snapshot v1, https://goo.gl/fbAQLP

exports[`responsive() should render base styles plus media queries for each breakpoint provided 1`] = `
.recipe-0 {
  color: #fff;
}

@media screen and (min-width:56.25rem) {
  .recipe-0 {
    color: #000;
  }
}

<div
  class="recipe-0 recipe-1"
/>
`;
