// Jest Snapshot v1, https://goo.gl/fbAQLP

exports[`EzSegmentedControl should render with default styles 1`] = `
.recipe-8 {
  display: -webkit-box;
  display: -webkit-flex;
  display: -ms-flexbox;
  display: flex;
  -webkit-align-items: center;
  -webkit-box-align: center;
  -ms-flex-align: center;
  align-items: center;
}

.recipe-8 input {
  border: 0px;
  -webkit-clip: rect(0 0 0 0);
  clip: rect(0 0 0 0);
  -webkit-clip-path: inset(50%);
  clip-path: inset(50%);
  height: 1px;
  margin: -1px;
  overflow: hidden;
  padding: 0px;
  position: absolute;
  white-space: nowrap;
  width: 1px;
}

.recipe-0 {
  color: #8B99A6;
  margin-right: 1rem;
}

.recipe-2 {
  cursor: pointer;
  background-color: white;
  border: 1px solid #CED4D9;
  box-shadow: 0 1px 1px 0 rgba(0,0,0,0.12);
  color: rgba(0,0,0,0.6);
  display: block;
  -webkit-flex: 1;
  -ms-flex: 1;
  flex: 1;
  padding: 0.75rem 1.5rem;
  text-align: center;
  margin-left: -1px;
  line-height: 1em;
  font-size: 0.85em;
  -webkit-flex-basis: auto;
  -ms-flex-preferred-size: auto;
  flex-basis: auto;
}

.recipe-2:first-of-type {
  margin-left: 0;
  border-top-left-radius: 4px;
  border-bottom-left-radius: 4px;
}

.recipe-2:last-of-type {
  border-top-right-radius: 4px;
  border-bottom-right-radius: 4px;
}

.recipe-2:hover {
  background-color: #f7f7f7;
  border-color: #afb4b8;
  color: rgba(0,0,0,0.94);
}

input:checked + .recipe-2 {
  color: #77b1e2;
  background: #EBF7FF;
  border: 1px solid #77b1e2;
  position: relative;
}

input:focus + .recipe-2 {
  border-color: #3E90D6;
  color: #3E90D6;
}

input:disabled + .recipe-2 {
  cursor: default;
  opacity: 0.45;
  pointer-events: none;
}

<div
  aria-labelledby="radiogroup-test-segment"
  class="recipe-8 recipe-9"
  role="radiogroup"
>
  <div
    class="recipe-0 recipe-1"
    id="radiogroup-test-segment"
  >
    test segment
  </div>
  <input
    checked=""
    id="test-segment-firstValue"
    name="test-segment"
    type="radio"
  />
  <label
    class="recipe-2 recipe-3"
    for="test-segment-firstValue"
  >
    first
  </label>
  <input
    id="test-segment-secondValue"
    name="test-segment"
    type="radio"
  />
  <label
    class="recipe-2 recipe-3"
    for="test-segment-secondValue"
  >
    second
  </label>
  <input
    disabled=""
    id="test-segment-thirdValue"
    name="test-segment"
    type="radio"
  />
  <label
    class="recipe-2 recipe-3"
    for="test-segment-thirdValue"
  >
    third
  </label>
</div>
`;
